{
    "blocks": [
        {
            "key": "foo",
            "text": "Subtitle Text",
            "type": "header-two",
            "depth": 0,
            "inlineStyleRanges": [],
            "entityRanges": [],
            "data": {}
        },
        {
            "key": "74onm",
            "text": "This is an example first paragraph that has overlapping styles. This is the second sentence of this paragraph.",
            "type": "unstyled",
            "depth": 0,
            "inlineStyleRanges": [
                {
                    "offset": 11,
                    "length": 7,
                    "style": "ITALIC"
                },
                {
                    "offset": 19,
                    "length": 5,
                    "style": "ITALIC"
                },
                {
                    "offset": 40,
                    "length": 3,
                    "style": "ITALIC"
                },
                {
                    "offset": 11,
                    "length": 7,
                    "style": "UNDERLINE"
                },
                {
                    "offset": 25,
                    "length": 9,
                    "style": "UNDERLINE"
                },
                {
                    "offset": 44,
                    "length": 18,
                    "style": "UNDERLINE"
                },
                {
                    "offset": 19,
                    "length": 5,
                    "style": "BOLD"
                },
                {
                    "offset": 25,
                    "length": 9,
                    "style": "BOLD"
                },
                {
                    "offset": 35,
                    "length": 4,
                    "style": "BOLD"
                }
            ],
            "entityRanges": [
                {
                    "offset": 44,
                    "length": 18,
                    "key": 0
                }
            ],
            "data": {}
        },
        {
            "key": "4f09b",
            "text": "This is another line right afterward.",
            "type": "unstyled",
            "depth": 0,
            "inlineStyleRanges": [],
            "entityRanges": [],
            "data": {}
        },
        {
            "key": "1mvah",
            "text": "Second Subtitle Text",
            "type": "header-two",
            "depth": 0,
            "inlineStyleRanges": [],
            "entityRanges": [],
            "data": {}
        },
        {
            "key": "5i9hk",
            "text": "Below is us adding an ordered list:",
            "type": "unstyled",
            "depth": 0,
            "inlineStyleRanges": [],
            "entityRanges": [],
            "data": {}
        },
        {
            "key": "boqtr",
            "text": "Ordered list item 1",
            "type": "ordered-list-item",
            "depth": 0,
            "inlineStyleRanges": [],
            "entityRanges": [],
            "data": {}
        },
        {
            "key": "4nmj7",
            "text": "Ordered list item 2",
            "type": "ordered-list-item",
            "depth": 0,
            "inlineStyleRanges": [],
            "entityRanges": [],
            "data": {}
        },
        {
            "key": "5quq8",
            "text": "Ordered list item 3",
            "type": "ordered-list-item",
            "depth": 0,
            "inlineStyleRanges": [],
            "entityRanges": [],
            "data": {}
        },
        {
            "key": "eoon1",
            "text": "Below is us adding an unordered list:",
            "type": "unstyled",
            "depth": 0,
            "inlineStyleRanges": [],
            "entityRanges": [],
            "data": {}
        },
        {
            "key": "4i8t1",
            "text": "Unordered list item 1",
            "type": "unordered-list-item",
            "depth": 0,
            "inlineStyleRanges": [],
            "entityRanges": [],
            "data": {}
        },
        {
            "key": "7oi1h",
            "text": "Unordered list item 2",
            "type": "unordered-list-item",
            "depth": 0,
            "inlineStyleRanges": [],
            "entityRanges": [],
            "data": {}
        },
        {
            "key": "f8vlh",
            "text": "Unordered list item 3",
            "type": "unordered-list-item",
            "depth": 0,
            "inlineStyleRanges": [],
            "entityRanges": [],
            "data": {}
        },
        {
            "key": "6lluf",
            "text": "\"This is an example blockquote. To err is to human. Time to go to Taco Bell.\" - Karl Marx",
            "type": "blockquote",
            "depth": 0,
            "inlineStyleRanges": [],
            "entityRanges": [],
            "data": {}
        },
        {
            "key": "9k53q",
            "text": "End of journal entry.",
            "type": "unstyled",
            "depth": 0,
            "inlineStyleRanges": [],
            "entityRanges": [],
            "data": {}
        },
        {
            "key": "2jjgu",
            "text": "",
            "type": "unstyled",
            "depth": 0,
            "inlineStyleRanges": [],
            "entityRanges": [],
            "data": {}
        }
    ],
    "entityMap": {
        "0": {
            "type": "LINK",
            "mutability": "MUTABLE",
            "data": {
                "target": "_blank",
                "rel": "nofollow",
                "url": "https://www.google.com"
            }
        }
    }
}